getmarks.py
grade.sh
myshell
README.md
sh
sh.c
tests
